// Jest Snapshot v1, https://goo.gl/fbAQLP

exports[`DataTable.TableExpandRow should render 1`] = `
<Table
  short={false}
  shouldShowBorder={true}
  zebra={true}
>
  <table
    className="bx--data-table-v2 bx--data-table-v2--zebra"
  >
    <TableBody>
      <tbody>
        <TableExpandRow
          ariaLabel="Aria label"
          className="custom-class"
          isExpanded={false}
          onExpand={[MockFunction]}
        >
          <tr
            className="bx--parent-row-v2 custom-class"
            data-parent-row={true}
          >
            <TableCell
              className="bx--table-expand-v2"
            >
              <td
                className="bx--table-expand-v2"
              >
                <button
                  aria-label="Aria label"
                  className="bx--table-expand-v2__button"
                  onClick={[MockFunction]}
                >
                  <Icon
                    className="bx--table-expand-v2__svg"
                    description="Provide a description that will be used as the title"
                    fillRule="evenodd"
                    icon={
                      Object {
                        "height": "12",
                        "id": "icon--chevron--right",
                        "name": "icon--chevron--right",
                        "styles": "",
                        "svgData": Object {
                          "circles": "",
                          "ellipses": "",
                          "paths": Array [
                            Object {
                              "d": "M5.569 5.994L0 .726.687 0l6.336 5.994-6.335 6.002L0 11.27z",
                              "fill-rule": "nonzero",
                            },
                          ],
                          "polygons": "",
                          "polylines": "",
                          "rects": "",
                        },
                        "tags": "icon--chevron--right",
                        "viewBox": "0 0 7 12",
                        "width": "7",
                      }
                    }
                    role="img"
                  >
                    <svg
                      alt="Provide a description that will be used as the title"
                      aria-label="Provide a description that will be used as the title"
                      className="bx--table-expand-v2__svg"
                      fillRule="evenodd"
                      height="12"
                      role="img"
                      viewBox="0 0 7 12"
                      width="7"
                    >
                      <title>
                        Provide a description that will be used as the title
                      </title>
                      <path
                        d="M5.569 5.994L0 .726.687 0l6.336 5.994-6.335 6.002L0 11.27z"
                        key="key0"
                      />
                    </svg>
                  </Icon>
                </button>
              </td>
            </TableCell>
          </tr>
        </TableExpandRow>
        <TableExpandedRow>
          <tr
            className="bx--expandable-row-v2"
            data-child-row={true}
          />
        </TableExpandedRow>
      </tbody>
    </TableBody>
  </table>
</Table>
`;
