// Jest Snapshot v1, https://goo.gl/fbAQLP

exports[`HeaderMenu should render 1`] = `
<ForwardRef
  aria-label="Accessibility label"
  className="custom-class"
  tabIndex={-1}
>
  <HeaderMenu
    aria-label="Accessibility label"
    className="custom-class"
    focusRef={null}
    tabIndex={-1}
  >
    <li
      className="bx--header__submenu custom-class"
      onBlur={[Function]}
      onClick={[Function]}
      onKeyDown={[Function]}
    >
      <a
        aria-expanded={false}
        aria-haspopup="menu"
        className="bx--header__menu-item bx--header__menu-title"
        href="javascript:void(0)"
        onKeyDown={[Function]}
        role="menuitem"
        tabIndex={0}
      >
        Accessibility label
        <ChevronDownGlyph
          className="bx--header__menu-arrow"
          height={6}
          preserveAspectRatio="xMidYMid meet"
          viewBox="0 0 10 6"
          width={10}
          xmlns="http://www.w3.org/2000/svg"
        >
          <svg
            aria-hidden={true}
            className="bx--header__menu-arrow"
            focusable="false"
            height={6}
            preserveAspectRatio="xMidYMid meet"
            style={
              Object {
                "willChange": "transform",
              }
            }
            viewBox="0 0 10 6"
            width={10}
            xmlns="http://www.w3.org/2000/svg"
          >
            <path
              d="M5 6L0 1 .7.3 5 4.6 9.3.3l.7.7z"
            />
          </svg>
        </ChevronDownGlyph>
      </a>
      <ul
        aria-label="Accessibility label"
        className="bx--header__menu"
        role="menu"
      >
        <ForwardRef
          href="/a"
          key=".0"
          role="none"
        >
          <HeaderMenuItem
            href="/a"
            innerRef={[Function]}
            role="none"
          >
            <li
              role="none"
            >
              <Link
                className="bx--header__menu-item"
                element="a"
                href="/a"
                role="menuitem"
                tabIndex={0}
              >
                <a
                  className="bx--header__menu-item"
                  href="/a"
                  role="menuitem"
                  tabIndex={0}
                >
                  <span
                    className="bx--text-truncate--end"
                  >
                    A
                  </span>
                </a>
              </Link>
            </li>
          </HeaderMenuItem>
        </ForwardRef>
        <ForwardRef
          href="/b"
          key=".1"
          role="none"
        >
          <HeaderMenuItem
            href="/b"
            innerRef={[Function]}
            role="none"
          >
            <li
              role="none"
            >
              <Link
                className="bx--header__menu-item"
                element="a"
                href="/b"
                role="menuitem"
                tabIndex={0}
              >
                <a
                  className="bx--header__menu-item"
                  href="/b"
                  role="menuitem"
                  tabIndex={0}
                >
                  <span
                    className="bx--text-truncate--end"
                  >
                    B
                  </span>
                </a>
              </Link>
            </li>
          </HeaderMenuItem>
        </ForwardRef>
        <ForwardRef
          href="/c"
          key=".2"
          role="none"
        >
          <HeaderMenuItem
            href="/c"
            innerRef={[Function]}
            role="none"
          >
            <li
              role="none"
            >
              <Link
                className="bx--header__menu-item"
                element="a"
                href="/c"
                role="menuitem"
                tabIndex={0}
              >
                <a
                  className="bx--header__menu-item"
                  href="/c"
                  role="menuitem"
                  tabIndex={0}
                >
                  <span
                    className="bx--text-truncate--end"
                  >
                    C
                  </span>
                </a>
              </Link>
            </li>
          </HeaderMenuItem>
        </ForwardRef>
      </ul>
    </li>
  </HeaderMenu>
</ForwardRef>
`;
